src/app/dashboard/components/editor-dashboard-v2.tsx(341,50): error TS2538: Type 'undefined' cannot be used as an index type.
src/app/review/[id]/client-page.tsx(317,33): error TS2322: Type '{ playbackId: string | undefined; videoPath: string | undefined; title: string; watermark: any; metadata: { video_id: string; video_title: string; viewer_user_id: string; }; onTimeUpdate: (time: number, dur: number) => void; onLoadedMetadata: (dur: number) => void; primaryColor: string; className: string; }' is not assignable to type 'IntrinsicAttributes & VideoPlayerProps'.
  Property 'metadata' does not exist on type 'IntrinsicAttributes & VideoPlayerProps'.
src/lib/services/upload-service.ts(263,23): error TS18048: 'response.body' is possibly 'undefined'.
